// Jest Snapshot v1, https://goo.gl/fbAQLP

exports[`when props.children="foo" renders correctly 1`] = `
<WithStyles(Paper)
  className="Card-paper-1 "
>
  foo
</WithStyles(Paper)>
`;

exports[`when props.className="foo" renders correctly 1`] = `
<WithStyles(Paper)
  className="Card-paper-1 foo"
/>
`;
