// Jest Snapshot v1, https://goo.gl/fbAQLP

exports[`when props.children="foo" renders correctly 1`] = `
<ForwardRef(WithStyles)
  className="Card-spacing-1 Card-pre-line-2 "
>
  foo
</ForwardRef(WithStyles)>
`;

exports[`when props.className="foo" renders correctly 1`] = `
<ForwardRef(WithStyles)
  className="Card-spacing-1 Card-pre-line-2 foo"
/>
`;
