// Jest Snapshot v1, https://goo.gl/fbAQLP

exports[`renders correctly 1`] = `
<WithStyles(CssBaseline)>
  <GridWrapper
    container={true}
    justify="center"
  >
    <GridWrapper
      className="App-grid-1"
      item={true}
      xs={12}
    >
      <WithStyles(Play) />
    </GridWrapper>
  </GridWrapper>
</WithStyles(CssBaseline)>
`;
