// Jest Snapshot v1, https://goo.gl/fbAQLP

exports[`when props.config={}, props.branches={}, and state.isLoading=false renders correctly 1`] = `<main />`;

exports[`when props={} and state.isLoading=false renders correctly 1`] = `<Load />`;

exports[`when props={} renders correctly 1`] = `
<div
  className="Play-progress-1"
>
  <WithStyles(LinearProgress) />
</div>
`;

exports[`with props and state renders correctly 1`] = `
<main>
  <WithStyles(Branch)
    choices={
      Array [
        Object {
          "Choice text.": "choice",
        },
      ]
    }
    config={
      Object {
        "renderer": "text",
        "start": "start",
      }
    }
    selectChoice={[Function]}
    text="Text."
  />
</main>
`;
